<?php return array (
  0 => 'Symfony\\Bundle\\FrameworkBundle\\Controller\\AbstractController',
  1 => 'App\\Controller\\Admin\\AnnonceController',
  2 => 'App\\Controller\\Admin\\CategoryController',
  3 => 'App\\Controller\\Admin\\CronJobsController',
  4 => 'App\\Controller\\Admin\\FileController',
  5 => 'App\\Controller\\Admin\\LogController',
  6 => 'App\\Controller\\Admin\\MailHistoryController',
  7 => 'App\\Controller\\Admin\\MapQuestController',
  8 => 'App\\Controller\\Admin\\MarqueController',
  9 => 'App\\Controller\\Admin\\ModeleController',
  10 => 'App\\Controller\\Admin\\NavetteController',
  11 => 'App\\Controller\\Admin\\PickupController',
  12 => 'App\\Controller\\Admin\\ReclamationController',
  13 => 'App\\Controller\\Admin\\ReportController',
  14 => 'App\\Controller\\Admin\\ReportingController',
  15 => 'App\\Controller\\Admin\\ReservationController',
  16 => 'App\\Controller\\Admin\\ReservationEntriesController',
  17 => 'App\\Controller\\Admin\\SettingController',
  18 => 'App\\Controller\\Admin\\ShiftController',
  19 => 'App\\Controller\\Admin\\SiteController',
  20 => 'App\\Controller\\Admin\\SocieteController',
  21 => 'App\\Controller\\Admin\\TarifController',
  22 => 'App\\Controller\\Admin\\TrajetController',
  23 => 'App\\Controller\\Admin\\UserController',
  24 => 'App\\Controller\\Admin\\VehiculeController',
  25 => 'App\\Controller\\BaseController',
  26 => 'App\\Controller\\Front\\HomeController',
  27 => 'App\\Controller\\Front\\PasswordResetController',
  28 => 'App\\Controller\\Front\\RegistrationController',
  29 => 'App\\Controller\\Front\\SecurityController',
  30 => 'App\\Controller\\Front\\Security\\ConnectAzureController',
  31 => 'App\\Entity\\Annonce',
  32 => 'App\\Entity\\Category',
  33 => 'App\\Entity\\Contrat',
  34 => 'App\\Entity\\Entretien',
  35 => 'App\\Entity\\Log',
  36 => 'App\\Entity\\MailHistory',
  37 => 'App\\Entity\\Marque',
  38 => 'App\\Entity\\Modele',
  39 => 'App\\Entity\\Navette',
  40 => 'App\\Entity\\Pickup',
  41 => 'App\\Entity\\Rappel',
  42 => 'App\\Entity\\Reclamation',
  43 => 'App\\Entity\\Reservation',
  44 => 'App\\Entity\\ReservationEntries',
  45 => 'App\\Entity\\Service',
  46 => 'App\\Entity\\Setting',
  47 => 'App\\Entity\\Shift',
  48 => 'App\\Entity\\Site',
  49 => 'App\\Entity\\Societe',
  50 => 'App\\Entity\\Tarif',
  51 => 'App\\Entity\\Trajet',
  52 => 'App\\Entity\\User',
  53 => 'App\\Entity\\Vehicule',
  54 => 'Cron\\CronBundle\\Entity\\CronJob',
  55 => 'Cron\\CronBundle\\Entity\\CronJobRepository',
  56 => 'Cron\\CronBundle\\Entity\\CronReport',
  57 => 'Cron\\CronBundle\\Entity\\CronReportRepository',
  58 => 'Doctrine\\Bundle\\DoctrineBundle\\Controller\\ProfilerController',
  59 => 'Doctrine\\ORM\\Cache\\Persister\\Entity\\AbstractEntityPersister',
  60 => 'Doctrine\\ORM\\Cache\\Persister\\Entity\\CachedEntityPersister',
  61 => 'Doctrine\\ORM\\Cache\\Persister\\Entity\\NonStrictReadWriteCachedEntityPersister',
  62 => 'Doctrine\\ORM\\Cache\\Persister\\Entity\\ReadOnlyCachedEntityPersister',
  63 => 'Doctrine\\ORM\\Cache\\Persister\\Entity\\ReadWriteCachedEntityPersister',
  64 => 'Doctrine\\ORM\\Persisters\\Entity\\AbstractEntityInheritancePersister',
  65 => 'Doctrine\\ORM\\Persisters\\Entity\\BasicEntityPersister',
  66 => 'Doctrine\\ORM\\Persisters\\Entity\\CachedPersisterContext',
  67 => 'Doctrine\\ORM\\Persisters\\Entity\\EntityPersister',
  68 => 'Doctrine\\ORM\\Persisters\\Entity\\JoinedSubclassPersister',
  69 => 'Doctrine\\ORM\\Persisters\\Entity\\SingleTablePersister',
  70 => 'Endroid\\QrCodeBundle\\Controller\\GenerateController',
  71 => 'HWI\\Bundle\\OAuthBundle\\Controller\\ConnectController',
  72 => 'HWI\\Bundle\\OAuthBundle\\Controller\\LoginController',
  73 => 'HWI\\Bundle\\OAuthBundle\\Controller\\RedirectToServiceController',
  75 => 'Symfony\\Bundle\\FrameworkBundle\\Controller\\ControllerResolver',
  76 => 'Symfony\\Bundle\\FrameworkBundle\\Controller\\RedirectController',
  77 => 'Symfony\\Bundle\\FrameworkBundle\\Controller\\TemplateController',
  78 => 'Symfony\\Bundle\\WebProfilerBundle\\Controller\\ExceptionPanelController',
  79 => 'Symfony\\Bundle\\WebProfilerBundle\\Controller\\ProfilerController',
  80 => 'Symfony\\Bundle\\WebProfilerBundle\\Controller\\RouterController',
  81 => 'Symfony\\Component\\HttpKernel\\Controller\\ArgumentResolver',
  82 => 'Symfony\\Component\\HttpKernel\\Controller\\ArgumentResolverInterface',
  83 => 'Symfony\\Component\\HttpKernel\\Controller\\ArgumentResolver\\DefaultValueResolver',
  84 => 'Symfony\\Component\\HttpKernel\\Controller\\ArgumentResolver\\NotTaggedControllerValueResolver',
  85 => 'Symfony\\Component\\HttpKernel\\Controller\\ArgumentResolver\\RequestAttributeValueResolver',
  86 => 'Symfony\\Component\\HttpKernel\\Controller\\ArgumentResolver\\RequestValueResolver',
  87 => 'Symfony\\Component\\HttpKernel\\Controller\\ArgumentResolver\\ServiceValueResolver',
  88 => 'Symfony\\Component\\HttpKernel\\Controller\\ArgumentResolver\\SessionValueResolver',
  89 => 'Symfony\\Component\\HttpKernel\\Controller\\ArgumentResolver\\TraceableValueResolver',
  90 => 'Symfony\\Component\\HttpKernel\\Controller\\ArgumentResolver\\VariadicValueResolver',
  91 => 'Symfony\\Component\\HttpKernel\\Controller\\ArgumentValueResolverInterface',
  92 => 'Symfony\\Component\\HttpKernel\\Controller\\ContainerControllerResolver',
  93 => 'Symfony\\Component\\HttpKernel\\Controller\\ControllerReference',
  94 => 'Symfony\\Component\\HttpKernel\\Controller\\ControllerResolver',
  95 => 'Symfony\\Component\\HttpKernel\\Controller\\ControllerResolverInterface',
  96 => 'Symfony\\Component\\HttpKernel\\Controller\\ErrorController',
  97 => 'Symfony\\Component\\HttpKernel\\Controller\\TraceableArgumentResolver',
  98 => 'Symfony\\Component\\HttpKernel\\Controller\\TraceableControllerResolver',
  99 => 'Symfony\\Component\\Security\\Http\\Controller\\UserValueResolver',
);